[www.jio.com/apps/jiochat/index.html]
[backblue.gif]
[fade.gif]
[index.html]
[jep-asset.akamaized.net/jio/svg-og/jio_logo.png]
[www.jio.com/universal-apps/_next/static/css/ca59a77667a045cb.css]
[www.jio.com/universal-apps/_next/static/chunks/polyfills-c67a75d1b6f99dc8.js]
[www.jio.com/universal-apps/_next/static/chunks/9126.eeaa0a699e672d25.js]
[www.jio.com/universal-apps/_next/static/chunks/2408.581c6b918ab1dc9e.js]
[www.jio.com/universal-apps/_next/static/chunks/9869.e1fdade4b6b08204.js]
[www.jio.com/universal-apps/_next/static/chunks/1192.59f78ca8e476e113.js]
[www.jio.com/universal-apps/_next/static/chunks/jiocms-core-bundle-getnow-app-button.c71665b7401ee92e.js]
[www.jio.com/universal-apps/_next/static/chunks/828.4233e6f3aa8a4805.js]
[www.jio.com/universal-apps/_next/static/chunks/386.b8d1f0c67708edcc.js]
[www.jio.com/universal-apps/_next/static/chunks/4394.00ea9b84503ded07.js]
[www.jio.com/universal-apps/_next/static/chunks/9048.48587f3e03013289.js]
[www.jio.com/universal-apps/_next/static/chunks/7461.8ed933c4f710d74f.js]
[www.jio.com/universal-apps/_next/static/chunks/604.4fca7348e9a82040.js]
[www.jio.com/universal-apps/_next/static/chunks/4560.74cab16e4d6118bb.js]
[www.jio.com/universal-apps/_next/static/chunks/5007.b1f416d0149c4bf7.js]
[www.jio.com/universal-apps/_next/static/chunks/4416.b5ed622a2d0d6c6e.js]
[www.jio.com/universal-apps/_next/static/chunks/5373.dcb9d54a9a455d51.js]
[www.jio.com/universal-apps/_next/static/chunks/jiocms-core-bundle-jds-productlogos.7b66b4f78f265a3f.js]
[www.jio.com/universal-apps/_next/static/chunks/8001.e196cffdda6b7558.js]
[www.jio.com/universal-apps/_next/static/chunks/2521.9953922d5311c24b.js]
[www.jio.com/universal-apps/_next/static/chunks/414.f524a36b24700d32.js]
[www.jio.com/universal-apps/_next/static/chunks/webpack-d390009960f9e6b3.js]
[www.jio.com/universal-apps/_next/static/chunks/framework-209d228742ce58bd.js]
[www.jio.com/universal-apps/_next/static/chunks/main-196089a517ac61be.js]
[www.jio.com/universal-apps/_next/static/chunks/pages/_app-44f5f219211f1526.js]
[www.jio.com/universal-apps/_next/static/chunks/5024-4605ab0af57770b1.js]
[www.jio.com/universal-apps/_next/static/chunks/2502-a95aca8a8cb2329c.js]
[www.jio.com/universal-apps/_next/static/chunks/pages/[routeLevel1]/[routeLevel2]-c33d31898c67f423.js]
[www.jio.com/universal-apps/_next/static/oTh7L8tpFeWZl1QaNZMxf/_buildManifest.js]
[www.jio.com/universal-apps/_next/static/oTh7L8tpFeWZl1QaNZMxf/_ssgManifest.js]
[jep-asset.akamaized.net/cms/assets/jioapps/jiochat/achira.jpg]
[jep-asset.akamaized.net/cms/assets/jioapps/jiochat/senthil.jpg]
[jep-asset.akamaized.net/cms/assets/jioapps/jiochat/stratos.jpg]
[jep-asset.akamaized.net/cms/assets/jioapps/jiochat/kavita.jpg]
[www.jio.com/apps/jiochat/index.html]
[www.jio.com/universal-apps/_next/static/css/ca59a77667a045cb.css]
